[0.019s][info][gc] Using Serial
[0.440s][info][gc] GC(0) Pause Young (Allocation Failure) 273M->142M(989M) 127.266ms
[0.638s][info][gc] GC(1) Pause Young (Allocation Failure) 415M->249M(989M) 121.420ms
[0.807s][info][gc] GC(2) Pause Young (Allocation Failure) 522M->352M(989M) 109.554ms
[0.976s][info][gc] GC(3) Pause Young (Allocation Failure) 625M->456M(989M) 108.525ms
[1.159s][info][gc] GC(4) Pause Young (Allocation Failure) 729M->559M(989M) 113.159ms
[1.332s][info][gc] GC(5) Pause Young (Allocation Failure) 832M->662M(989M) 110.961ms
[1.407s][info][gc] GC(6) Pause Young (Allocation Failure) 935M->935M(989M) 0.045ms
[1.643s][info][gc] GC(7) Pause Full (Allocation Failure) 935M->142M(989M) 236.183ms
[1.781s][info][gc] GC(8) Pause Young (Allocation Failure) 415M->279M(989M) 78.837ms
[1.919s][info][gc] GC(9) Pause Young (Allocation Failure) 552M->383M(989M) 78.389ms
[2.054s][info][gc] GC(10) Pause Young (Allocation Failure) 656M->486M(989M) 78.914ms
[2.190s][info][gc] GC(11) Pause Young (Allocation Failure) 759M->589M(989M) 79.077ms
[2.330s][info][gc] GC(12) Pause Young (Allocation Failure) 862M->692M(989M) 84.991ms
[2.385s][info][gc] GC(13) Pause Young (Allocation Failure) 965M->965M(989M) 0.047ms
[2.611s][info][gc] GC(14) Pause Full (Allocation Failure) 965M->142M(989M) 226.103ms
[2.745s][info][gc] GC(15) Pause Young (Allocation Failure) 415M->279M(989M) 77.815ms
[2.880s][info][gc] GC(16) Pause Young (Allocation Failure) 552M->383M(989M) 77.977ms
[3.015s][info][gc] GC(17) Pause Young (Allocation Failure) 656M->486M(989M) 79.432ms
[3.150s][info][gc] GC(18) Pause Young (Allocation Failure) 759M->589M(989M) 78.610ms
[3.285s][info][gc] GC(19) Pause Young (Allocation Failure) 862M->692M(989M) 79.039ms
[3.340s][info][gc] GC(20) Pause Young (Allocation Failure) 965M->965M(989M) 0.049ms
[3.572s][info][gc] GC(21) Pause Full (Allocation Failure) 965M->142M(989M) 231.433ms
[3.716s][info][gc] GC(22) Pause Young (Allocation Failure) 415M->279M(989M) 83.472ms
[3.854s][info][gc] GC(23) Pause Young (Allocation Failure) 552M->383M(989M) 79.230ms
[3.991s][info][gc] GC(24) Pause Young (Allocation Failure) 656M->486M(989M) 81.091ms
[4.131s][info][gc] GC(25) Pause Young (Allocation Failure) 759M->589M(989M) 83.366ms
[4.271s][info][gc] GC(26) Pause Young (Allocation Failure) 862M->692M(989M) 80.880ms
[4.327s][info][gc] GC(27) Pause Young (Allocation Failure) 965M->965M(989M) 0.047ms
[4.556s][info][gc] GC(28) Pause Full (Allocation Failure) 965M->142M(989M) 229.515ms
[4.699s][info][gc] GC(29) Pause Young (Allocation Failure) 415M->279M(989M) 80.400ms
[4.836s][info][gc] GC(30) Pause Young (Allocation Failure) 552M->383M(989M) 80.301ms
[4.974s][info][gc] GC(31) Pause Young (Allocation Failure) 656M->486M(989M) 80.015ms
[5.111s][info][gc] GC(32) Pause Young (Allocation Failure) 759M->589M(989M) 80.200ms
[5.247s][info][gc] GC(33) Pause Young (Allocation Failure) 862M->692M(989M) 78.779ms
[5.303s][info][gc] GC(34) Pause Young (Allocation Failure) 965M->965M(989M) 0.047ms
[5.530s][info][gc] GC(35) Pause Full (Allocation Failure) 965M->142M(989M) 227.153ms
[5.667s][info][gc] GC(36) Pause Young (Allocation Failure) 415M->279M(989M) 79.500ms
[5.802s][info][gc] GC(37) Pause Young (Allocation Failure) 552M->383M(989M) 79.224ms
[5.937s][info][gc] GC(38) Pause Young (Allocation Failure) 656M->486M(989M) 79.099ms
[6.071s][info][gc] GC(39) Pause Young (Allocation Failure) 759M->589M(989M) 78.201ms
[6.129s][info][gc] GC(40) Pause Young (Allocation Failure) 862M->862M(989M) 0.046ms
[6.341s][info][gc] GC(41) Pause Full (Allocation Failure) 862M->142M(989M) 212.240ms
[6.475s][info][gc] GC(42) Pause Young (Allocation Failure) 415M->279M(989M) 78.330ms
[6.612s][info][gc] GC(43) Pause Young (Allocation Failure) 552M->383M(989M) 80.812ms
